./private/tmp/astra-p6-independent-replay/pipeline/media_candidates.py:568: ResourceWarning: unclosed file <_io.TextIOWrapper name='/private/tmp/astra-p6-independent-replay/grammar/media-corrections.json' mode='r' encoding='UTF-8'>
  d = json.load(open(WRONG))
ResourceWarning: Enable tracemalloc to get the object allocation traceback
..................../private/tmp/astra-p6-independent-replay/pipeline/media_candidates.py:389: ResourceWarning: unclosed file <_io.TextIOWrapper name='/private/tmp/astra-p6-independent-replay/grammar/class-tags.json' mode='r' encoding='UTF-8'>
  _CLS = ({norm(t) for t in json.load(open(CLASS_TAGS))["tags"]}
ResourceWarning: Enable tracemalloc to get the object allocation traceback
/opt/homebrew/Cellar/python@3.14/3.14.7/Frameworks/Python.framework/Versions/3.14/lib/python3.14/copy.py:226: ResourceWarning: unclosed database in <sqlite3.Connection object at 0x106767f10>
  memo[id(memo)]=[x]
ResourceWarning: Enable tracemalloc to get the object allocation traceback
/opt/homebrew/Cellar/python@3.14/3.14.7/Frameworks/Python.framework/Versions/3.14/lib/python3.14/copy.py:226: ResourceWarning: unclosed database in <sqlite3.Connection object at 0x106767d30>
  memo[id(memo)]=[x]
ResourceWarning: Enable tracemalloc to get the object allocation traceback
........./private/tmp/astra-p6-independent-replay/pipeline/media_candidates.py:219: ResourceWarning: unclosed file <_io.TextIOWrapper name='/Users/dwaynetoler/Media Library/50_COMPLETED/Production Ready/manifest.json' mode='r' encoding='UTF-8'>
  raw = json.load(open(DELIVERY))
ResourceWarning: Enable tracemalloc to get the object allocation traceback
/private/tmp/astra-p6-independent-replay/pipeline/media_candidates.py:260: ResourceWarning: unclosed file <_io.TextIOWrapper name='/private/tmp/astra-p6-independent-replay/grammar/approved-overrides.json' mode='r' encoding='UTF-8'>
  for a_ in (json.load(open(APPROVED)).get("approved") or []):
ResourceWarning: Enable tracemalloc to get the object allocation traceback
/private/tmp/astra-p6-independent-replay/pipeline/media_candidates.py:693: ResourceWarning: unclosed file <_io.TextIOWrapper name='/Users/dwaynetoler/Media Library/METADATA/assets.jsonl' mode='r' encoding='UTF-8'>
  for line in open(jl):
ResourceWarning: Enable tracemalloc to get the object allocation traceback
/private/tmp/astra-p6-independent-replay/pipeline/media_candidates.py:616: ResourceWarning: unclosed file <_io.TextIOWrapper name='/private/tmp/astra-p6-independent-replay/grammar/media-tags.json' mode='r' encoding='UTF-8'>
  for t in (json.load(open(USER_TAGS)).get("tags") or []):
ResourceWarning: Enable tracemalloc to get the object allocation traceback
/private/tmp/astra-p6-independent-replay/pipeline/media_candidates.py:592: ResourceWarning: unclosed file <_io.TextIOWrapper name='/private/tmp/astra-p6-independent-replay/grammar/media-tags.json' mode='r' encoding='UTF-8'>
  for t in (json.load(open(USER_TAGS)).get("remove") or []):
ResourceWarning: Enable tracemalloc to get the object allocation traceback
/private/tmp/astra-p6-independent-replay/pipeline/visualtask_batch_matching.py:665: ResourceWarning: unclosed database in <sqlite3.Connection object at 0x1087c97b0>
  fit["gaps"].extend({"type": r["requirementId"], "status": "unresolved" if r["status"] == "unknown" else "failed",
ResourceWarning: Enable tracemalloc to get the object allocation traceback
......../opt/homebrew/Cellar/python@3.14/3.14.7/Frameworks/Python.framework/Versions/3.14/lib/python3.14/json/decoder.py:361: ResourceWarning: unclosed database in <sqlite3.Connection object at 0x107520a90>
  obj, end = self.scan_once(s, idx)
ResourceWarning: Enable tracemalloc to get the object allocation traceback
....................................
----------------------------------------------------------------------
Ran 74 tests in 11.758s

OK
