/private/tmp/astra-p5-cr01-replay/pipeline/media_candidates.py:568: ResourceWarning: unclosed file <_io.TextIOWrapper name='/private/tmp/astra-p5-cr01-replay/grammar/media-corrections.json' mode='r' encoding='UTF-8'>
  d = json.load(open(WRONG))
ResourceWarning: Enable tracemalloc to get the object allocation traceback
........./private/tmp/astra-p5-cr01-replay/pipeline/media_candidates.py:389: ResourceWarning: unclosed file <_io.TextIOWrapper name='/private/tmp/astra-p5-cr01-replay/grammar/class-tags.json' mode='r' encoding='UTF-8'>
  _CLS = ({norm(t) for t in json.load(open(CLASS_TAGS))["tags"]}
ResourceWarning: Enable tracemalloc to get the object allocation traceback
/private/tmp/astra-p5-cr01-replay/pipeline/visualtask_batch_matching.py:696: ResourceWarning: unclosed database in <sqlite3.Connection object at 0x10a43ff10>
  if ([{k: row[k] for k in ("requirementId", "value")} for row in duties] != specs
ResourceWarning: Enable tracemalloc to get the object allocation traceback
/private/tmp/astra-p5-cr01-replay/pipeline/visualtask_batch_matching.py:696: ResourceWarning: unclosed database in <sqlite3.Connection object at 0x10a43fe20>
  if ([{k: row[k] for k in ("requirementId", "value")} for row in duties] != specs
ResourceWarning: Enable tracemalloc to get the object allocation traceback
........./private/tmp/astra-p5-cr01-replay/pipeline/media_candidates.py:219: ResourceWarning: unclosed file <_io.TextIOWrapper name='/Users/dwaynetoler/Media Library/50_COMPLETED/Production Ready/manifest.json' mode='r' encoding='UTF-8'>
  raw = json.load(open(DELIVERY))
ResourceWarning: Enable tracemalloc to get the object allocation traceback
/private/tmp/astra-p5-cr01-replay/pipeline/media_candidates.py:260: ResourceWarning: unclosed file <_io.TextIOWrapper name='/private/tmp/astra-p5-cr01-replay/grammar/approved-overrides.json' mode='r' encoding='UTF-8'>
  for a_ in (json.load(open(APPROVED)).get("approved") or []):
ResourceWarning: Enable tracemalloc to get the object allocation traceback
/private/tmp/astra-p5-cr01-replay/pipeline/media_candidates.py:693: ResourceWarning: unclosed file <_io.TextIOWrapper name='/Users/dwaynetoler/Media Library/METADATA/assets.jsonl' mode='r' encoding='UTF-8'>
  for line in open(jl):
ResourceWarning: Enable tracemalloc to get the object allocation traceback
/private/tmp/astra-p5-cr01-replay/pipeline/media_candidates.py:616: ResourceWarning: unclosed file <_io.TextIOWrapper name='/private/tmp/astra-p5-cr01-replay/grammar/media-tags.json' mode='r' encoding='UTF-8'>
  for t in (json.load(open(USER_TAGS)).get("tags") or []):
ResourceWarning: Enable tracemalloc to get the object allocation traceback
/private/tmp/astra-p5-cr01-replay/pipeline/media_candidates.py:592: ResourceWarning: unclosed file <_io.TextIOWrapper name='/private/tmp/astra-p5-cr01-replay/grammar/media-tags.json' mode='r' encoding='UTF-8'>
  for t in (json.load(open(USER_TAGS)).get("remove") or []):
ResourceWarning: Enable tracemalloc to get the object allocation traceback
/private/tmp/astra-p5-cr01-replay/pipeline/visualtask_batch_matching.py:665: ResourceWarning: unclosed database in <sqlite3.Connection object at 0x10a743e20>
  fit["gaps"].extend({"type": r["requirementId"], "status": "unresolved" if r["status"] == "unknown" else "failed",
ResourceWarning: Enable tracemalloc to get the object allocation traceback
/private/tmp/astra-p5-cr01-replay/pipeline/visualtask_matching.py:274: ResourceWarning: unclosed database in <sqlite3.Connection object at 0x10afdcf40>
  dict(row) for row in bindings.get(job) or [] if row.get("id") in pool
ResourceWarning: Enable tracemalloc to get the object allocation traceback
..........................
----------------------------------------------------------------------
Ran 44 tests in 5.474s

OK
